// Jest Snapshot v1, https://goo.gl/fbAQLP

exports[`AuthPage renders the component 1`] = `
<div>
  <userlogin-stub userdata="[object Object]"></userlogin-stub>
  <userregister-stub></userregister-stub>
</div>
`;
